===== JOB INFO =====
Job ID: 12055922
Array task: 0
Game: 1303
Host: frnt190.frontenac.local
Date: Tue Jul 28 04:07:40 EDT 2026
Port: 35922
Tue Jul 28 04:07:40 2026       
+-----------------------------------------------------------------------------------------+
| NVIDIA-SMI 580.167.08             Driver Version: 580.167.08     CUDA Version: 13.0     |
+-----------------------------------------+------------------------+----------------------+
| GPU  Name                 Persistence-M | Bus-Id          Disp.A | Volatile Uncorr. ECC |
| Fan  Temp   Perf          Pwr:Usage/Cap |           Memory-Usage | GPU-Util  Compute M. |
|                                         |                        |               MIG M. |
|=========================================+========================+======================|
|   0  NVIDIA A100-SXM4-40GB          On  |   00000000:07:00.0 Off |                    0 |
| N/A   57C    P0            334W /  400W |   15639MiB /  40960MiB |     98%      Default |
|                                         |                        |             Disabled |
+-----------------------------------------+------------------------+----------------------+
|   1  NVIDIA A100-SXM4-40GB          On  |   00000000:0F:00.0 Off |                    0 |
| N/A   27C    P0             54W /  400W |       0MiB /  40960MiB |      0%      Default |
|                                         |                        |             Disabled |
+-----------------------------------------+------------------------+----------------------+
|   2  NVIDIA A100-SXM4-40GB          On  |   00000000:47:00.0 Off |                    0 |
| N/A   61C    P0            356W /  400W |   15691MiB /  40960MiB |     98%      Default |
|                                         |                        |             Disabled |
+-----------------------------------------+------------------------+----------------------+
|   3  NVIDIA A100-SXM4-40GB          On  |   00000000:4E:00.0 Off |                    0 |
| N/A   55C    P0            329W /  400W |   15642MiB /  40960MiB |     98%      Default |
|                                         |                        |             Disabled |
+-----------------------------------------+------------------------+----------------------+
|   4  NVIDIA A100-SXM4-40GB          On  |   00000000:87:00.0 Off |                    0 |
| N/A   62C    P0            107W /  400W |    6451MiB /  40960MiB |     98%      Default |
|                                         |                        |             Disabled |
+-----------------------------------------+------------------------+----------------------+
|   5  NVIDIA A100-SXM4-40GB          On  |   00000000:90:00.0 Off |                    0 |
| N/A   46C    P0            186W /  400W |   36931MiB /  40960MiB |    100%      Default |
|                                         |                        |             Disabled |
+-----------------------------------------+------------------------+----------------------+
|   6  NVIDIA A100-SXM4-40GB          On  |   00000000:B7:00.0 Off |                    0 |
| N/A   67C    P0            319W /  400W |    6452MiB /  40960MiB |     98%      Default |
|                                         |                        |             Disabled |
+-----------------------------------------+------------------------+----------------------+
|   7  NVIDIA A100-SXM4-40GB          On  |   00000000:BD:00.0 Off |                    0 |
| N/A   65C    P0            299W /  400W |    6452MiB /  40960MiB |     98%      Default |
|                                         |                        |             Disabled |
+-----------------------------------------+------------------------+----------------------+

+-----------------------------------------------------------------------------------------+
| Processes:                                                                              |
|  GPU   GI   CI              PID   Type   Process name                        GPU Memory |
|        ID   ID                                                               Usage      |
|=========================================================================================|
|    0   N/A  N/A          411994      C   python                                15630MiB |
|    2   N/A  N/A          158153      C   python                                15682MiB |
|    3   N/A  N/A         3825677      C   python                                15630MiB |
|    4   N/A  N/A          903288      C   python3.11                             6440MiB |
|    5   N/A  N/A         1895618      C   python                                36922MiB |
|    6   N/A  N/A         2618011      C   python3.11                             6440MiB |
|    7   N/A  N/A          903245      C   python3.11                             6440MiB |
+-----------------------------------------------------------------------------------------+
