Python: /global/home/hpc6237/venvs/contexto/bin/python
Python 3.11.5
NumPy: 2.4.2
===== JOB INFO =====
Job ID: 12058937
Array task: 0
Game: 1303
Host: frnt190.frontenac.local
Date: Tue Aug  4 12:08:50 EDT 2026
Port: 38937
Tue Aug  4 12:08:50 2026       
+-----------------------------------------------------------------------------------------+
| NVIDIA-SMI 580.167.08             Driver Version: 580.167.08     CUDA Version: 13.0     |
+-----------------------------------------+------------------------+----------------------+
| GPU  Name                 Persistence-M | Bus-Id          Disp.A | Volatile Uncorr. ECC |
| Fan  Temp   Perf          Pwr:Usage/Cap |           Memory-Usage | GPU-Util  Compute M. |
|                                         |                        |               MIG M. |
|=========================================+========================+======================|
|   0  NVIDIA A100-SXM4-40GB          On  |   00000000:07:00.0 Off |                    0 |
| N/A   62C    P0            353W /  400W |   24043MiB /  40960MiB |    100%      Default |
|                                         |                        |             Disabled |
+-----------------------------------------+------------------------+----------------------+
|   1  NVIDIA A100-SXM4-40GB          On  |   00000000:0F:00.0 Off |                    0 |
| N/A   22C    P0             53W /  400W |       0MiB /  40960MiB |      0%      Default |
|                                         |                        |             Disabled |
+-----------------------------------------+------------------------+----------------------+
|   2  NVIDIA A100-SXM4-40GB          On  |   00000000:47:00.0 Off |                    0 |
| N/A   22C    P0             53W /  400W |       0MiB /  40960MiB |      0%      Default |
|                                         |                        |             Disabled |
+-----------------------------------------+------------------------+----------------------+
|   3  NVIDIA A100-SXM4-40GB          On  |   00000000:4E:00.0 Off |                    0 |
| N/A   23C    P0             55W /  400W |       0MiB /  40960MiB |      0%      Default |
|                                         |                        |             Disabled |
+-----------------------------------------+------------------------+----------------------+
|   4  NVIDIA A100-SXM4-40GB          On  |   00000000:87:00.0 Off |                    0 |
| N/A   41C    P0             56W /  400W |       0MiB /  40960MiB |      0%      Default |
|                                         |                        |             Disabled |
+-----------------------------------------+------------------------+----------------------+
|   5  NVIDIA A100-SXM4-40GB          On  |   00000000:90:00.0 Off |                    0 |
| N/A   25C    P0             59W /  400W |       0MiB /  40960MiB |      0%      Default |
|                                         |                        |             Disabled |
+-----------------------------------------+------------------------+----------------------+
|   6  NVIDIA A100-SXM4-40GB          On  |   00000000:B7:00.0 Off |                    0 |
| N/A   24C    P0             54W /  400W |       0MiB /  40960MiB |      0%      Default |
|                                         |                        |             Disabled |
+-----------------------------------------+------------------------+----------------------+
|   7  NVIDIA A100-SXM4-40GB          On  |   00000000:BD:00.0 Off |                    0 |
| N/A   25C    P0             52W /  400W |       0MiB /  40960MiB |      0%      Default |
|                                         |                        |             Disabled |
+-----------------------------------------+------------------------+----------------------+

+-----------------------------------------------------------------------------------------+
| Processes:                                                                              |
|  GPU   GI   CI              PID   Type   Process name                        GPU Memory |
|        ID   ID                                                               Usage      |
|=========================================================================================|
|    0   N/A  N/A           82727      C   python                                24034MiB |
+-----------------------------------------------------------------------------------------+
===== RESUME GAME 1303 =====
Generation 1: best word=time, best rank=165
Generation 2: best word=time, best rank=165
Generation 3: best word=time, best rank=165
Generation 4: best word=time, best rank=165
Generation 5: best word=time, best rank=165
Generation 6: best word=time, best rank=165
Generation 7: best word=time, best rank=165
Generation 8: best word=time, best rank=165
Generation 9: best word=time, best rank=165
Generation 10: best word=time, best rank=165
Generation 11: best word=time, best rank=165
Generation 12: best word=period, best rank=135
Generation 13: best word=period, best rank=135
Generation 14: best word=period, best rank=135
Generation 15: best word=period, best rank=135
Generation 16: best word=period, best rank=135
Generation 17: best word=period, best rank=135
Generation 18: best word=period, best rank=135
Generation 19: best word=period, best rank=135
Generation 20: best word=period, best rank=135
Generation 21: best word=period, best rank=135
Generation 22: best word=period, best rank=135
Generation 23: best word=period, best rank=135
Generation 24: best word=period, best rank=135
Generation 25: best word=period, best rank=135
Generation 26: best word=period, best rank=135
Generation 27: best word=period, best rank=135
Generation 28: best word=period, best rank=135
Generation 29: best word=period, best rank=135
Generation 30: best word=period, best rank=135
Generation 31: best word=period, best rank=135
Generation 32: best word=period, best rank=135
Generation 33: best word=period, best rank=135
Generation 35: best word=period, best rank=135
Generation 36: best word=period, best rank=135
Generation 38: best word=period, best rank=135
Generation 39: best word=period, best rank=135
Generation 40: best word=period, best rank=135
Generation 41: best word=period, best rank=135
Generation 42: best word=period, best rank=135
Generation 43: best word=period, best rank=135
Generation 44: best word=period, best rank=135
Generation 45: best word=period, best rank=135
Generation 46: best word=period, best rank=135
Generation 47: best word=period, best rank=135
Generation 48: best word=period, best rank=135
Generation 49: best word=period, best rank=135
Generation 50: best word=period, best rank=135
Generation 51: best word=period, best rank=135
Generation 52: best word=period, best rank=135
Generation 53: best word=period, best rank=135
Generation 54: best word=period, best rank=135
Generation 55: best word=period, best rank=135
Generation 56: best word=period, best rank=135
Generation 57: best word=period, best rank=135
Generation 58: best word=period, best rank=135
Generation 59: best word=period, best rank=135
Generation 60: best word=period, best rank=135
Generation 61: best word=period, best rank=135
Generation 62: best word=period, best rank=135
Generation 63: best word=period, best rank=135
Generation 64: best word=period, best rank=135
Generation 65: best word=period, best rank=135
Generation 66: best word=period, best rank=135
Generation 67: best word=period, best rank=135
Generation 68: best word=period, best rank=135
Generation 69: best word=period, best rank=135
Generation 70: best word=period, best rank=135
Generation 71: best word=period, best rank=135
Generation 72: best word=period, best rank=135
Generation 73: best word=period, best rank=135
Generation 74: best word=period, best rank=135
Generation 75: best word=period, best rank=135
Generation 76: best word=period, best rank=135
Generation 77: best word=period, best rank=135
Generation 78: best word=period, best rank=135
Generation 79: best word=level, best rank=77
Generation 80: best word=level, best rank=77
Generation 81: best word=level, best rank=77
Generation 82: best word=level, best rank=77
Generation 83: best word=level, best rank=77
Generation 84: best word=level, best rank=77
Generation 85: best word=level, best rank=77
Generation 86: best word=level, best rank=77
Generation 87: best word=level, best rank=77
Generation 88: best word=level, best rank=77
Generation 89: best word=level, best rank=77
Generation 90: best word=level, best rank=77
Generation 91: best word=level, best rank=77
Generation 92: best word=level, best rank=77
Generation 93: best word=level, best rank=77
Generation 94: best word=level, best rank=77
Generation 95: best word=level, best rank=77
Generation 96: best word=level, best rank=77
Generation 97: best word=level, best rank=77
Generation 98: best word=level, best rank=77
Generation 99: best word=level, best rank=77
Generation 100: best word=level, best rank=77
Generation 101: best word=level, best rank=77
Generation 102: best word=level, best rank=77
Generation 103: best word=level, best rank=77
Generation 104: best word=level, best rank=77
Generation 105: best word=level, best rank=77
Generation 106: best word=level, best rank=77
Generation 107: best word=level, best rank=77
Generation 108: best word=level, best rank=77
Generation 109: best word=condition, best rank=27
Generation 110: best word=condition, best rank=27
Generation 111: best word=condition, best rank=27
Generation 112: best word=condition, best rank=27
Generation 113: best word=condition, best rank=27
Generation 114: best word=condition, best rank=27
Generation 115: best word=condition, best rank=27
Generation 116: best word=condition, best rank=27
Generation 117: best word=condition, best rank=27
Generation 118: best word=condition, best rank=27
Generation 119: best word=condition, best rank=27
Generation 120: best word=condition, best rank=27
Generation 121: best word=condition, best rank=27
Generation 122: best word=condition, best rank=27
Generation 123: best word=condition, best rank=27
Generation 125: best word=cause, best rank=7
Generation 126: best word=cause, best rank=7
Generation 127: best word=cause, best rank=7
Generation 128: best word=cause, best rank=7
Generation 129: best word=cause, best rank=7
Generation 130: best word=cause, best rank=7
Generation 131: best word=cause, best rank=7
Generation 132: best word=cause, best rank=7
Generation 133: best word=cause, best rank=7
Generation 134: best word=cause, best rank=7
Generation 135: best word=cause, best rank=7
Generation 136: best word=cause, best rank=7
Generation 137: best word=cause, best rank=7
Generation 138: best word=cause, best rank=7
Generation 139: best word=cause, best rank=7
Generation 140: best word=cause, best rank=7
Generation 141: best word=cause, best rank=7
Generation 142: best word=cause, best rank=7
Generation 143: best word=cause, best rank=7
Generation 144: best word=cause, best rank=7
Generation 145: best word=cause, best rank=7
Generation 146: best word=cause, best rank=7
Generation 147: best word=cause, best rank=7
Generation 148: best word=cause, best rank=7
Generation 149: best word=cause, best rank=7
Generation 150: best word=cause, best rank=7
Generation 151: best word=cause, best rank=7
Generation 152: best word=cause, best rank=7
Generation 154: best word=cause, best rank=7
Generation 155: best word=cause, best rank=7
Generation 156: best word=cause, best rank=7
Generation 157: best word=cause, best rank=7
Generation 158: best word=cause, best rank=7
Generation 159: best word=cause, best rank=7
Generation 160: best word=cause, best rank=7
Generation 161: best word=cause, best rank=7
Generation 162: best word=cause, best rank=7
Generation 163: best word=cause, best rank=7
Generation 164: best word=cause, best rank=7
Generation 165: best word=cause, best rank=7
Generation 166: best word=cause, best rank=7
Generation 167: best word=cause, best rank=7
Generation 168: best word=cause, best rank=7
Generation 169: best word=cause, best rank=7
Generation 170: best word=cause, best rank=7
Generation 171: best word=cause, best rank=7
Generation 172: best word=cause, best rank=7
Generation 173: best word=cause, best rank=7
Generation 174: best word=cause, best rank=7
Generation 175: best word=cause, best rank=7
Generation 176: best word=cause, best rank=7
Generation 177: best word=cause, best rank=7
Generation 178: best word=cause, best rank=7
Generation 179: best word=cause, best rank=7
Generation 180: best word=cause, best rank=7
Generation 181: best word=cause, best rank=7
Generation 182: best word=cause, best rank=7
Generation 183: best word=cause, best rank=7
Generation 184: best word=cause, best rank=7
Generation 185: best word=cause, best rank=7
Generation 186: best word=cause, best rank=7
Generation 187: best word=cause, best rank=7
Generation 188: best word=cause, best rank=7
Generation 189: best word=cause, best rank=7
Generation 190: best word=cause, best rank=7
Generation 191: best word=cause, best rank=7
Generation 192: best word=cause, best rank=7
Generation 193: best word=cause, best rank=7
Generation 194: best word=cause, best rank=7
Generation 195: best word=cause, best rank=7
Generation 196: best word=cause, best rank=7
Generation 197: best word=cause, best rank=7
Generation 198: best word=cause, best rank=7
Generation 199: best word=cause, best rank=7
Generation 200: best word=cause, best rank=7
Generation 201: best word=cause, best rank=7
Generation 202: best word=cause, best rank=7
Generation 203: best word=cause, best rank=7
Generation 204: best word=cause, best rank=7
Generation 205: best word=cause, best rank=7
Generation 206: best word=cause, best rank=7
Generation 207: best word=cause, best rank=7
Generation 208: best word=cause, best rank=7
Generation 209: best word=cause, best rank=7
Generation 210: best word=cause, best rank=7
Generation 211: best word=cause, best rank=7
Generation 212: best word=cause, best rank=7
Generation 213: best word=cause, best rank=7
Generation 214: best word=cause, best rank=7
Generation 215: best word=cause, best rank=7
Generation 216: best word=cause, best rank=7
Generation 217: best word=cause, best rank=7
Generation 218: best word=cause, best rank=7
Generation 219: best word=cause, best rank=7
Generation 221: best word=cause, best rank=7
Generation 222: best word=cause, best rank=7
Generation 223: best word=cause, best rank=7
Generation 224: best word=cause, best rank=7
Generation 225: best word=cause, best rank=7
Generation 226: best word=cause, best rank=7
Generation 227: best word=cause, best rank=7
Generation 228: best word=cause, best rank=7
Generation 229: best word=cause, best rank=7
Generation 230: best word=cause, best rank=7
Generation 231: best word=cause, best rank=7
Generation 232: best word=cause, best rank=7
Generation 233: best word=cause, best rank=7
Generation 234: best word=cause, best rank=7
Generation 235: best word=cause, best rank=7
Generation 236: best word=cause, best rank=7
Generation 237: best word=cause, best rank=7
Generation 238: best word=cause, best rank=7
Generation 239: best word=cause, best rank=7
Generation 240: best word=cause, best rank=7
Generation 243: best word=cause, best rank=7
Generation 244: best word=cause, best rank=7
Generation 245: best word=cause, best rank=7
Generation 246: best word=cause, best rank=7
Generation 247: best word=cause, best rank=7
Generation 248: best word=cause, best rank=7
Generation 249: best word=cause, best rank=7
Generation 250: best word=cause, best rank=7
Generation 252: best word=cause, best rank=7
Generation 253: best word=cause, best rank=7
Generation 254: best word=cause, best rank=7
Generation 255: best word=cause, best rank=7
Generation 256: best word=cause, best rank=7
Generation 257: best word=cause, best rank=7
Generation 258: best word=cause, best rank=7
Generation 259: best word=cause, best rank=7
Generation 260: best word=cause, best rank=7
Generation 261: best word=cause, best rank=7
Generation 262: best word=cause, best rank=7
Generation 263: best word=cause, best rank=7
Generation 264: best word=cause, best rank=7
Generation 265: best word=cause, best rank=7
Generation 267: best word=cause, best rank=7
Generation 268: best word=cause, best rank=7
Generation 269: best word=cause, best rank=7
Generation 270: best word=cause, best rank=7
Generation 271: best word=cause, best rank=7
Generation 272: best word=cause, best rank=7
Generation 273: best word=cause, best rank=7
Generation 274: best word=cause, best rank=7
Generation 275: best word=cause, best rank=7
Generation 276: best word=cause, best rank=7
Generation 277: best word=cause, best rank=7
Generation 278: best word=cause, best rank=7
Generation 280: best word=cause, best rank=7
Generation 281: best word=cause, best rank=7
Generation 283: best word=cause, best rank=7
Generation 286: best word=cause, best rank=7
Generation 287: best word=cause, best rank=7
Generation 288: best word=cause, best rank=7
Generation 289: best word=cause, best rank=7
Generation 290: best word=cause, best rank=7
Generation 291: best word=cause, best rank=7
Generation 292: best word=cause, best rank=7
Generation 293: best word=cause, best rank=7
Generation 294: best word=cause, best rank=7
Generation 295: best word=cause, best rank=7
Generation 296: best word=cause, best rank=7
Generation 297: best word=cause, best rank=7
Generation 298: best word=cause, best rank=7
Generation 299: best word=cause, best rank=7
Generation 300: best word=cause, best rank=7
Generation 301: best word=cause, best rank=7
Generation 302: best word=cause, best rank=7
Generation 303: best word=cause, best rank=7
Generation 304: best word=cause, best rank=7
Generation 305: best word=cause, best rank=7
Generation 307: best word=cause, best rank=7
Generation 309: best word=cause, best rank=7
Generation 311: best word=cause, best rank=7
Generation 312: best word=cause, best rank=7
Generation 313: best word=cause, best rank=7
Generation 314: best word=cause, best rank=7
Generation 315: best word=cause, best rank=7
Generation 316: best word=cause, best rank=7
Generation 317: best word=cause, best rank=7
Generation 318: best word=cause, best rank=7
Generation 319: best word=cause, best rank=7
Generation 320: best word=cause, best rank=7
Generation 321: best word=cause, best rank=7
Generation 323: best word=cause, best rank=7
Generation 324: best word=cause, best rank=7
Generation 325: best word=cause, best rank=7
Generation 326: best word=cause, best rank=7
Generation 327: best word=cause, best rank=7
Generation 329: best word=cause, best rank=7
Generation 330: best word=cause, best rank=7
Generation 331: best word=cause, best rank=7
Generation 332: best word=cause, best rank=7
Generation 334: best word=temperature, best rank=2
Generation 335: best word=temperature, best rank=2
Generation 336: best word=temperature, best rank=2
Generation 337: best word=temperature, best rank=2
Generation 338: best word=temperature, best rank=2
Generation 339: best word=temperature, best rank=2
Generation 340: best word=temperature, best rank=2
Generation 341: best word=temperature, best rank=2
Generation 342: best word=temperature, best rank=2
Generation 343: best word=temperature, best rank=2
Generation 344: best word=temperature, best rank=2
Generation 345: best word=temperature, best rank=2
Generation 346: best word=temperature, best rank=2
Generation 348: best word=temperature, best rank=2
Generation 350: best word=temperature, best rank=2
Generation 1: best word=light, best rank=814
Generation 2: best word=light, best rank=814
Generation 3: best word=light, best rank=814
Generation 4: best word=light, best rank=814
Generation 5: best word=light, best rank=814
Generation 6: best word=light, best rank=814
Generation 7: best word=light, best rank=814
Generation 8: best word=light, best rank=814
Generation 9: best word=light, best rank=814
Generation 10: best word=light, best rank=814
Generation 11: best word=light, best rank=814
Generation 12: best word=light, best rank=814
Generation 13: best word=light, best rank=814
Generation 14: best word=light, best rank=814
Generation 15: best word=flash, best rank=655
Generation 16: best word=flash, best rank=655
Generation 17: best word=flash, best rank=655
Generation 18: best word=flash, best rank=655
Generation 19: best word=flash, best rank=655
Generation 20: best word=flash, best rank=655
Generation 21: best word=flash, best rank=655
Generation 22: best word=flash, best rank=655
Generation 23: best word=flash, best rank=655
Generation 24: best word=flash, best rank=655
Generation 25: best word=flash, best rank=655
Generation 26: best word=flash, best rank=655
Generation 27: best word=flash, best rank=655
Generation 28: best word=flash, best rank=655
Generation 29: best word=flash, best rank=655
Generation 30: best word=flash, best rank=655
Generation 31: best word=flash, best rank=655
Generation 32: best word=flash, best rank=655
Generation 33: best word=flash, best rank=655
Generation 34: best word=flash, best rank=655
Generation 35: best word=flash, best rank=655
Generation 36: best word=flash, best rank=655
Generation 39: best word=flash, best rank=655
Generation 41: best word=flash, best rank=655
Generation 42: best word=flash, best rank=655
Generation 43: best word=flash, best rank=655
Generation 44: best word=radiation, best rank=605
Generation 45: best word=radiation, best rank=605
Generation 47: best word=radiation, best rank=605
Generation 48: best word=radiation, best rank=605
Generation 49: best word=radiation, best rank=605
Generation 50: best word=radiation, best rank=605
Generation 52: best word=radiation, best rank=605
Generation 53: best word=radiation, best rank=605
Generation 54: best word=radiation, best rank=605
Generation 55: best word=radiation, best rank=605
Generation 56: best word=radiation, best rank=605
Generation 57: best word=radiation, best rank=605
Generation 59: best word=radiation, best rank=605
Generation 60: best word=radiation, best rank=605
Generation 61: best word=radiation, best rank=605
Generation 62: best word=radiation, best rank=605
Generation 64: best word=radiation, best rank=605
Generation 65: best word=radiation, best rank=605
Generation 66: best word=radiation, best rank=605
Generation 67: best word=radiation, best rank=605
Generation 68: best word=radiation, best rank=605
Generation 69: best word=radiation, best rank=605
Generation 70: best word=radiation, best rank=605
Generation 71: best word=radiation, best rank=605
Generation 72: best word=radiation, best rank=605
Generation 73: best word=discharge, best rank=208
Generation 74: best word=discharge, best rank=208
Generation 75: best word=discharge, best rank=208
Generation 76: best word=discharge, best rank=208
Generation 77: best word=discharge, best rank=208
Generation 78: best word=discharge, best rank=208
Generation 79: best word=discharge, best rank=208
Generation 80: best word=discharge, best rank=208
Generation 81: best word=discharge, best rank=208
Generation 83: best word=discharge, best rank=208
Generation 84: best word=discharge, best rank=208
Generation 85: best word=discharge, best rank=208
Generation 86: best word=discharge, best rank=208
Generation 87: best word=discharge, best rank=208
Generation 88: best word=discharge, best rank=208
Generation 89: best word=discharge, best rank=208
Generation 90: best word=discharge, best rank=208
Generation 91: best word=discharge, best rank=208
Generation 92: best word=discharge, best rank=208
Generation 93: best word=discharge, best rank=208
Generation 94: best word=discharge, best rank=208
Generation 95: best word=discharge, best rank=208
Generation 96: best word=discharge, best rank=208
Generation 97: best word=discharge, best rank=208
Generation 98: best word=discharge, best rank=208
Generation 99: best word=discharge, best rank=208
Generation 100: best word=discharge, best rank=208
Generation 101: best word=discharge, best rank=208
Generation 102: best word=discharge, best rank=208
Generation 103: best word=discharge, best rank=208
Generation 104: best word=discharge, best rank=208
Generation 105: best word=discharge, best rank=208
Generation 106: best word=discharge, best rank=208
Generation 107: best word=discharge, best rank=208
Generation 108: best word=discharge, best rank=208
Generation 109: best word=discharge, best rank=208
Generation 110: best word=discharge, best rank=208
Generation 111: best word=discharge, best rank=208
Generation 112: best word=discharge, best rank=208
Generation 113: best word=discharge, best rank=208
Generation 114: best word=discharge, best rank=208
Generation 115: best word=discharge, best rank=208
Generation 116: best word=discharge, best rank=208
Generation 117: best word=discharge, best rank=208
Generation 118: best word=discharge, best rank=208
Generation 119: best word=discharge, best rank=208
Generation 120: best word=discharge, best rank=208
Generation 122: best word=discharge, best rank=208
Generation 123: best word=discharge, best rank=208
Generation 124: best word=discharge, best rank=208
Generation 125: best word=discharge, best rank=208
Generation 126: best word=discharge, best rank=208
Generation 127: best word=discharge, best rank=208
Generation 128: best word=discharge, best rank=208
Generation 129: best word=discharge, best rank=208
Generation 130: best word=discharge, best rank=208
Generation 131: best word=discharge, best rank=208
Generation 132: best word=discharge, best rank=208
Generation 133: best word=discharge, best rank=208
Generation 134: best word=discharge, best rank=208
Generation 135: best word=discharge, best rank=208
Generation 136: best word=discharge, best rank=208
Generation 137: best word=discharge, best rank=208
Generation 138: best word=discharge, best rank=208
Generation 139: best word=discharge, best rank=208
Generation 140: best word=discharge, best rank=208
Generation 141: best word=discharge, best rank=208
Generation 142: best word=discharge, best rank=208
Generation 143: best word=discharge, best rank=208
Generation 144: best word=discharge, best rank=208
Generation 146: best word=discharge, best rank=208
Generation 147: best word=discharge, best rank=208
Generation 149: best word=discharge, best rank=208
Generation 150: best word=discharge, best rank=208
Generation 151: best word=discharge, best rank=208
Generation 152: best word=discharge, best rank=208
Generation 153: best word=discharge, best rank=208
Generation 155: best word=discharge, best rank=208
Generation 156: best word=discharge, best rank=208
Generation 158: best word=discharge, best rank=208
Generation 160: best word=discharge, best rank=208
Generation 162: best word=discharge, best rank=208
Generation 163: best word=discharge, best rank=208
Generation 164: best word=discharge, best rank=208
Generation 165: best word=discharge, best rank=208
Generation 166: best word=discharge, best rank=208
Generation 167: best word=discharge, best rank=208
Generation 168: best word=discharge, best rank=208
Generation 169: best word=discharge, best rank=208
Generation 170: best word=discharge, best rank=208
Generation 171: best word=discharge, best rank=208
Generation 172: best word=discharge, best rank=208
Generation 173: best word=discharge, best rank=208
Generation 174: best word=discharge, best rank=208
Generation 175: best word=discharge, best rank=208
Generation 177: best word=discharge, best rank=208
Generation 178: best word=discharge, best rank=208
Generation 179: best word=discharge, best rank=208
Generation 180: best word=discharge, best rank=208
Generation 181: best word=discharge, best rank=208
Generation 183: best word=discharge, best rank=208
Generation 185: best word=discharge, best rank=208
Generation 186: best word=discharge, best rank=208
Generation 187: best word=discharge, best rank=208
Generation 189: best word=discharge, best rank=208
Generation 191: best word=discharge, best rank=208
Generation 192: best word=discharge, best rank=208
Generation 193: best word=discharge, best rank=208
Generation 195: best word=discharge, best rank=208
Generation 196: best word=discharge, best rank=208
Generation 198: best word=discharge, best rank=208
Generation 199: best word=discharge, best rank=208
Generation 200: best word=discharge, best rank=208
Generation 201: best word=discharge, best rank=208
Generation 202: best word=discharge, best rank=208
Generation 203: best word=discharge, best rank=208
Generation 204: best word=discharge, best rank=208
Generation 205: best word=discharge, best rank=208
Generation 206: best word=discharge, best rank=208
Generation 207: best word=discharge, best rank=208
Generation 208: best word=discharge, best rank=208
Generation 209: best word=discharge, best rank=208
Generation 211: best word=discharge, best rank=208
Generation 212: best word=discharge, best rank=208
Generation 213: best word=discharge, best rank=208
Generation 214: best word=discharge, best rank=208
Generation 215: best word=discharge, best rank=208
Generation 216: best word=stress, best rank=48
Generation 217: best word=stress, best rank=48
Generation 218: best word=stress, best rank=48
Generation 219: best word=stress, best rank=48
Generation 220: best word=stress, best rank=48
Generation 221: best word=stress, best rank=48
Generation 223: best word=stress, best rank=48
Generation 225: best word=stress, best rank=48
Generation 226: best word=stress, best rank=48
Generation 227: best word=stress, best rank=48
Generation 228: best word=stress, best rank=48
Generation 229: best word=stress, best rank=48
Generation 230: best word=stress, best rank=48
Generation 231: best word=stress, best rank=48
Generation 232: best word=stress, best rank=48
Generation 233: best word=stress, best rank=48
Generation 234: best word=stress, best rank=48
Generation 236: best word=stress, best rank=48
Generation 237: best word=stress, best rank=48
Generation 238: best word=stress, best rank=48
Generation 239: best word=stress, best rank=48
Generation 240: best word=stress, best rank=48
Generation 241: best word=stress, best rank=48
Generation 242: best word=stress, best rank=48
Generation 243: best word=stress, best rank=48
Generation 244: best word=stress, best rank=48
Generation 245: best word=stress, best rank=48
Generation 246: best word=stress, best rank=48
Generation 247: best word=stress, best rank=48
Generation 248: best word=stress, best rank=48
Generation 249: best word=stress, best rank=48
Generation 250: best word=stress, best rank=48
Generation 251: best word=stress, best rank=48
Generation 252: best word=stress, best rank=48
Generation 253: best word=stress, best rank=48
Generation 255: best word=stress, best rank=48
Generation 256: best word=stress, best rank=48
Generation 258: best word=stress, best rank=48
Generation 259: best word=stress, best rank=48
Generation 260: best word=stress, best rank=48
Generation 261: best word=stress, best rank=48
Generation 262: best word=stress, best rank=48
Generation 263: best word=stress, best rank=48
Generation 264: best word=stress, best rank=48
Generation 265: best word=stress, best rank=48
Generation 266: best word=stress, best rank=48
Generation 267: best word=stress, best rank=48
Generation 268: best word=stress, best rank=48
Generation 270: best word=stress, best rank=48
Generation 271: best word=stress, best rank=48
Generation 272: best word=stress, best rank=48
Generation 273: best word=stress, best rank=48
Generation 275: best word=stress, best rank=48
Generation 276: best word=stress, best rank=48
Generation 277: best word=stress, best rank=48
Generation 278: best word=stress, best rank=48
Generation 279: best word=stress, best rank=48
Generation 280: best word=stress, best rank=48
Generation 281: best word=stress, best rank=48
Generation 282: best word=stress, best rank=48
Generation 284: best word=stress, best rank=48
Generation 285: best word=stress, best rank=48
Generation 286: best word=stress, best rank=48
Generation 287: best word=stress, best rank=48
Generation 288: best word=stress, best rank=48
Generation 289: best word=stress, best rank=48
Generation 290: best word=stress, best rank=48
Generation 291: best word=stress, best rank=48
Generation 293: best word=stress, best rank=48
Generation 294: best word=stress, best rank=48
Generation 295: best word=pressure, best rank=20
Generation 296: best word=pressure, best rank=20
Generation 297: best word=pressure, best rank=20
Generation 298: best word=pressure, best rank=20
Generation 299: best word=pressure, best rank=20
Generation 300: best word=pressure, best rank=20
Generation 301: best word=pressure, best rank=20
Generation 302: best word=pressure, best rank=20
Generation 303: best word=pressure, best rank=20
Generation 304: best word=pressure, best rank=20
Generation 305: best word=pressure, best rank=20
Generation 306: best word=heat, best rank=17
Generation 307: best word=temperature, best rank=2
Generation 308: best word=temperature, best rank=2
Generation 310: best word=temperature, best rank=2
Generation 311: best word=temperature, best rank=2
Generation 312: best word=temperature, best rank=2
Generation 313: best word=temperature, best rank=2
Generation 315: best word=temperature, best rank=2
Generation 316: best word=temperature, best rank=2
Generation 317: best word=temperature, best rank=2
Generation 318: best word=temperature, best rank=2
Generation 319: best word=temperature, best rank=2
Generation 320: best word=temperature, best rank=2
Generation 321: best word=temperature, best rank=2
Generation 324: best word=temperature, best rank=2
Generation 325: best word=temperature, best rank=2
Generation 326: best word=temperature, best rank=2
Generation 327: best word=temperature, best rank=2
Generation 329: best word=temperature, best rank=2
Generation 330: best word=temperature, best rank=2
Generation 331: best word=temperature, best rank=2
Generation 332: best word=temperature, best rank=2
Generation 333: best word=temperature, best rank=2
Generation 334: best word=temperature, best rank=2
Generation 335: best word=temperature, best rank=2
Generation 337: best word=temperature, best rank=2
Generation 338: best word=temperature, best rank=2
Generation 339: best word=temperature, best rank=2
Generation 341: best word=temperature, best rank=2
Generation 342: best word=temperature, best rank=2
Generation 345: best word=temperature, best rank=2
Generation 346: best word=temperature, best rank=2
Generation 347: best word=temperature, best rank=2
Generation 348: best word=temperature, best rank=2
Generation 349: best word=temperature, best rank=2
Generation 1: best word=time, best rank=165
Generation 2: best word=time, best rank=165
Generation 3: best word=period, best rank=135
Generation 4: best word=period, best rank=135
Generation 5: best word=period, best rank=135
Generation 6: best word=period, best rank=135
Generation 7: best word=period, best rank=135
Generation 8: best word=period, best rank=135
Generation 9: best word=period, best rank=135
Generation 10: best word=period, best rank=135
Generation 11: best word=period, best rank=135
Generation 12: best word=period, best rank=135
Generation 13: best word=period, best rank=135
Generation 14: best word=period, best rank=135
Generation 15: best word=period, best rank=135
Generation 16: best word=period, best rank=135
Generation 17: best word=period, best rank=135
Generation 18: best word=period, best rank=135
Generation 19: best word=period, best rank=135
Generation 20: best word=period, best rank=135
Generation 21: best word=period, best rank=135
Generation 22: best word=period, best rank=135
Generation 23: best word=period, best rank=135
Generation 24: best word=period, best rank=135
Generation 25: best word=period, best rank=135
Generation 26: best word=period, best rank=135
Generation 27: best word=period, best rank=135
Generation 28: best word=period, best rank=135
Generation 29: best word=period, best rank=135
Generation 30: best word=period, best rank=135
Generation 31: best word=period, best rank=135
Generation 32: best word=period, best rank=135
Generation 34: best word=period, best rank=135
Generation 35: best word=period, best rank=135
Generation 36: best word=period, best rank=135
Generation 37: best word=period, best rank=135
Generation 38: best word=period, best rank=135
Generation 39: best word=period, best rank=135
Generation 40: best word=period, best rank=135
Generation 41: best word=period, best rank=135
Generation 42: best word=period, best rank=135
Generation 43: best word=period, best rank=135
Generation 44: best word=period, best rank=135
Generation 45: best word=period, best rank=135
Generation 46: best word=period, best rank=135
Generation 47: best word=period, best rank=135
Generation 48: best word=period, best rank=135
Generation 49: best word=period, best rank=135
Generation 50: best word=period, best rank=135
Generation 51: best word=period, best rank=135
Generation 52: best word=period, best rank=135
Generation 53: best word=period, best rank=135
Generation 54: best word=period, best rank=135
Generation 55: best word=period, best rank=135
Generation 56: best word=period, best rank=135
Generation 57: best word=period, best rank=135
Generation 58: best word=period, best rank=135
Generation 59: best word=period, best rank=135
Generation 60: best word=period, best rank=135
Generation 61: best word=period, best rank=135
Generation 62: best word=period, best rank=135
Generation 63: best word=period, best rank=135
Generation 64: best word=period, best rank=135
Generation 65: best word=period, best rank=135
Generation 66: best word=level, best rank=77
Generation 67: best word=level, best rank=77
Generation 68: best word=level, best rank=77
Generation 69: best word=level, best rank=77
Generation 70: best word=level, best rank=77
Generation 71: best word=level, best rank=77
Generation 72: best word=level, best rank=77
Generation 73: best word=level, best rank=77
Generation 75: best word=level, best rank=77
Generation 76: best word=level, best rank=77
Generation 77: best word=level, best rank=77
Generation 78: best word=level, best rank=77
Generation 79: best word=level, best rank=77
Generation 80: best word=level, best rank=77
Generation 81: best word=level, best rank=77
Generation 82: best word=level, best rank=77
Generation 83: best word=level, best rank=77
Generation 84: best word=level, best rank=77
Generation 85: best word=level, best rank=77
Generation 86: best word=level, best rank=77
Generation 87: best word=level, best rank=77
Generation 88: best word=level, best rank=77
Generation 89: best word=level, best rank=77
Generation 90: best word=level, best rank=77
Generation 91: best word=level, best rank=77
Generation 92: best word=level, best rank=77
Generation 93: best word=level, best rank=77
Generation 94: best word=level, best rank=77
Generation 95: best word=level, best rank=77
Generation 96: best word=level, best rank=77
Generation 97: best word=level, best rank=77
Generation 98: best word=level, best rank=77
Generation 99: best word=level, best rank=77
Generation 100: best word=level, best rank=77
Generation 101: best word=level, best rank=77
Generation 102: best word=level, best rank=77
Generation 103: best word=level, best rank=77
Generation 104: best word=level, best rank=77
Generation 105: best word=level, best rank=77
Generation 106: best word=level, best rank=77
Generation 107: best word=level, best rank=77
Generation 108: best word=level, best rank=77
Generation 109: best word=level, best rank=77
Generation 110: best word=level, best rank=77
Generation 111: best word=level, best rank=77
Generation 112: best word=level, best rank=77
Generation 114: best word=level, best rank=77
Generation 115: best word=level, best rank=77
Generation 116: best word=level, best rank=77
Generation 117: best word=level, best rank=77
Generation 118: best word=level, best rank=77
Generation 119: best word=level, best rank=77
Generation 120: best word=level, best rank=77
Generation 121: best word=level, best rank=77
Generation 122: best word=level, best rank=77
Generation 123: best word=level, best rank=77
Generation 124: best word=level, best rank=77
Generation 125: best word=level, best rank=77
Generation 126: best word=level, best rank=77
Generation 127: best word=level, best rank=77
Generation 128: best word=level, best rank=77
Generation 129: best word=level, best rank=77
Generation 130: best word=level, best rank=77
Generation 131: best word=level, best rank=77
Generation 132: best word=level, best rank=77
Generation 133: best word=level, best rank=77
Generation 134: best word=level, best rank=77
Generation 135: best word=level, best rank=77
Generation 136: best word=level, best rank=77
Generation 137: best word=level, best rank=77
Generation 138: best word=level, best rank=77
Generation 139: best word=level, best rank=77
Generation 140: best word=level, best rank=77
Generation 141: best word=level, best rank=77
Generation 142: best word=level, best rank=77
Generation 143: best word=level, best rank=77
Generation 144: best word=level, best rank=77
Generation 145: best word=level, best rank=77
Generation 146: best word=level, best rank=77
Generation 147: best word=level, best rank=77
Generation 148: best word=level, best rank=77
Generation 149: best word=level, best rank=77
Generation 150: best word=level, best rank=77
Generation 151: best word=level, best rank=77
Generation 152: best word=level, best rank=77
Generation 153: best word=level, best rank=77
Generation 154: best word=level, best rank=77
Generation 155: best word=level, best rank=77
Generation 156: best word=level, best rank=77
Generation 157: best word=level, best rank=77
Generation 158: best word=level, best rank=77
Generation 159: best word=level, best rank=77
Generation 160: best word=level, best rank=77
Generation 161: best word=level, best rank=77
Generation 162: best word=level, best rank=77
Generation 163: best word=level, best rank=77
Generation 164: best word=level, best rank=77
Generation 165: best word=level, best rank=77
Generation 166: best word=level, best rank=77
Generation 167: best word=level, best rank=77
Generation 168: best word=level, best rank=77
Generation 169: best word=level, best rank=77
Generation 170: best word=level, best rank=77
Generation 171: best word=level, best rank=77
Generation 172: best word=level, best rank=77
Generation 173: best word=level, best rank=77
Generation 174: best word=level, best rank=77
Generation 175: best word=level, best rank=77
Generation 176: best word=level, best rank=77
Generation 177: best word=level, best rank=77
Generation 178: best word=level, best rank=77
Generation 179: best word=level, best rank=77
Generation 180: best word=level, best rank=77
Generation 181: best word=level, best rank=77
Generation 182: best word=level, best rank=77
Generation 183: best word=level, best rank=77
Generation 184: best word=level, best rank=77
Generation 185: best word=level, best rank=77
Generation 186: best word=level, best rank=77
Generation 187: best word=level, best rank=77
Generation 188: best word=level, best rank=77
Generation 189: best word=level, best rank=77
Generation 190: best word=level, best rank=77
Generation 191: best word=level, best rank=77
Generation 192: best word=level, best rank=77
Generation 193: best word=level, best rank=77
Generation 194: best word=level, best rank=77
Generation 195: best word=level, best rank=77
Generation 196: best word=level, best rank=77
Generation 197: best word=level, best rank=77
Generation 198: best word=level, best rank=77
Generation 199: best word=level, best rank=77
Generation 200: best word=level, best rank=77
Generation 201: best word=level, best rank=77
Generation 202: best word=level, best rank=77
Generation 203: best word=level, best rank=77
Generation 204: best word=level, best rank=77
Generation 205: best word=level, best rank=77
Generation 206: best word=level, best rank=77
Generation 207: best word=level, best rank=77
Generation 208: best word=level, best rank=77
Generation 209: best word=level, best rank=77
Generation 210: best word=level, best rank=77
Generation 211: best word=level, best rank=77
Generation 213: best word=level, best rank=77
Generation 214: best word=level, best rank=77
Generation 215: best word=level, best rank=77
Generation 216: best word=level, best rank=77
Generation 218: best word=level, best rank=77
Generation 219: best word=level, best rank=77
Generation 220: best word=level, best rank=77
Generation 221: best word=level, best rank=77
Generation 222: best word=level, best rank=77
Generation 223: best word=level, best rank=77
Generation 224: best word=level, best rank=77
Generation 225: best word=level, best rank=77
Generation 226: best word=level, best rank=77
Generation 227: best word=level, best rank=77
Generation 228: best word=level, best rank=77
Generation 229: best word=level, best rank=77
Generation 230: best word=level, best rank=77
Generation 231: best word=level, best rank=77
Generation 232: best word=level, best rank=77
Generation 233: best word=level, best rank=77
Generation 234: best word=level, best rank=77
Generation 235: best word=level, best rank=77
Generation 236: best word=level, best rank=77
Generation 237: best word=level, best rank=77
Generation 240: best word=level, best rank=77
Generation 241: best word=level, best rank=77
Generation 242: best word=level, best rank=77
Generation 244: best word=level, best rank=77
Generation 246: best word=level, best rank=77
Generation 253: best word=level, best rank=77
Generation 254: best word=level, best rank=77
Generation 257: best word=level, best rank=77
Generation 258: best word=level, best rank=77
Generation 259: best word=level, best rank=77
Generation 260: best word=level, best rank=77
Generation 262: best word=level, best rank=77
Generation 263: best word=level, best rank=77
Generation 264: best word=level, best rank=77
Generation 265: best word=level, best rank=77
Generation 266: best word=level, best rank=77
Generation 267: best word=level, best rank=77
Generation 268: best word=level, best rank=77
Generation 269: best word=level, best rank=77
Generation 270: best word=level, best rank=77
Generation 272: best word=level, best rank=77
Generation 273: best word=level, best rank=77
Generation 274: best word=level, best rank=77
Generation 275: best word=level, best rank=77
Generation 276: best word=level, best rank=77
Generation 277: best word=level, best rank=77
Generation 279: best word=level, best rank=77
Generation 280: best word=level, best rank=77
Generation 281: best word=level, best rank=77
Generation 283: best word=level, best rank=77
Generation 284: best word=level, best rank=77
Generation 285: best word=level, best rank=77
Generation 286: best word=level, best rank=77
Generation 287: best word=level, best rank=77
Generation 288: best word=level, best rank=77
Generation 289: best word=cause, best rank=7
Generation 290: best word=cause, best rank=7
Generation 291: best word=cause, best rank=7
Generation 292: best word=cause, best rank=7
Generation 293: best word=cause, best rank=7
Generation 294: best word=cause, best rank=7
Generation 295: best word=cause, best rank=7
Generation 296: best word=cause, best rank=7
Generation 298: best word=cause, best rank=7
Generation 299: best word=cause, best rank=7
Generation 300: best word=cause, best rank=7
Generation 301: best word=cause, best rank=7
Generation 302: best word=cause, best rank=7
Generation 303: best word=cause, best rank=7
Generation 304: best word=cause, best rank=7
Generation 305: best word=cause, best rank=7
Generation 306: best word=cause, best rank=7
Generation 307: best word=cause, best rank=7
Generation 308: best word=cause, best rank=7
Generation 309: best word=cause, best rank=7
Generation 311: best word=cause, best rank=7
Generation 312: best word=cause, best rank=7
Generation 313: best word=cause, best rank=7
Generation 314: best word=cause, best rank=7
Generation 315: best word=cause, best rank=7
Generation 316: best word=cause, best rank=7
Generation 318: best word=cause, best rank=7
Generation 320: best word=cause, best rank=7
Generation 321: best word=cause, best rank=7
Generation 322: best word=cause, best rank=7
Generation 324: best word=cause, best rank=7
Generation 325: best word=cause, best rank=7
Generation 327: best word=cause, best rank=7
Generation 328: best word=cause, best rank=7
Generation 329: best word=cause, best rank=7
Generation 330: best word=cause, best rank=7
Generation 331: best word=cause, best rank=7
Generation 333: best word=cause, best rank=7
Generation 334: best word=cause, best rank=7
Generation 335: best word=cause, best rank=7
Generation 336: best word=cause, best rank=7
Generation 337: best word=cause, best rank=7
Generation 338: best word=cause, best rank=7
Generation 339: best word=cause, best rank=7
Generation 340: best word=cause, best rank=7
Generation 344: best word=cause, best rank=7
Generation 345: best word=cause, best rank=7
Generation 346: best word=cause, best rank=7
Generation 347: best word=cause, best rank=7
Generation 348: best word=cause, best rank=7
Generation 349: best word=cause, best rank=7
Wrote JSON summary: traces/rq1_A2/A2_llm_only_game1303.json
Wrote CSV summary: traces/rq1_A2/A2_llm_only_game1303.csv
{
  "total_runs": 5,
  "solved_runs": 0,
  "solve_rate": 0.0,
  "average_guesses_solved": null,
  "average_best_rank": 5.0,
  "average_generations": 350.0
}
===== FINISHED =====
Game: 1303
Exit status: 0
Date: Sat Aug  8 01:08:35 EDT 2026
