Generation 0: best word=green, best rank=62
Generation 1: best word=vegetable, best rank=58
Generation 2: best word=dice, best rank=44
Generation 3: best word=sprout, best rank=16
Generation 4: best word=sprout, best rank=16
Generation 5: best word=sprout, best rank=16
Generation 6: best word=sprout, best rank=16
Generation 7: best word=sprout, best rank=16
Generation 8: best word=sprout, best rank=16
Generation 9: best word=sprout, best rank=16
Generation 10: best word=sprout, best rank=16
Generation 11: best word=sprout, best rank=16
Generation 12: best word=sprout, best rank=16
Generation 13: best word=sprout, best rank=16
Generation 14: best word=sprout, best rank=16
Generation 15: best word=sprout, best rank=16
Generation 16: best word=sprout, best rank=16
Generation 17: best word=sprout, best rank=16
Generation 18: best word=sprout, best rank=16
Generation 19: best word=sprout, best rank=16
Generation 20: best word=sprout, best rank=16
Generation 21: best word=radish, best rank=4
Generation 22: best word=radish, best rank=4
Generation 23: best word=turnip, best rank=1
Generation 0: best word=green, best rank=62
Generation 1: best word=green, best rank=62
Generation 2: best word=dice, best rank=44
Generation 3: best word=dice, best rank=44
Generation 4: best word=dice, best rank=44
Generation 5: best word=dice, best rank=44
Run failed for game_number=1365 run_index=1: AssertionError: Prompt for ml_mutation leaked forbidden substring 'probability'.
Generation 0: best word=green, best rank=62
Generation 1: best word=green, best rank=62
Generation 2: best word=sprout, best rank=16
Generation 3: best word=sprout, best rank=16
Generation 4: best word=sprout, best rank=16
Generation 5: best word=kale, best rank=9
Generation 6: best word=beet, best rank=7
Generation 7: best word=carrot, best rank=5
Generation 8: best word=carrot, best rank=5
Generation 9: best word=radish, best rank=4
Generation 10: best word=turnip, best rank=1
Generation 0: best word=green, best rank=62
Generation 1: best word=green, best rank=62
Generation 2: best word=vegetable, best rank=58
Generation 3: best word=dice, best rank=44
Generation 4: best word=dice, best rank=44
Generation 5: best word=mash, best rank=30
Generation 6: best word=mash, best rank=30
Generation 7: best word=mash, best rank=30
Generation 8: best word=mash, best rank=30
Generation 9: best word=mash, best rank=30
Generation 10: best word=mash, best rank=30
Generation 11: best word=mash, best rank=30
Generation 12: best word=mash, best rank=30
Generation 13: best word=sprout, best rank=16
Generation 14: best word=sprout, best rank=16
Generation 15: best word=sprout, best rank=16
Generation 16: best word=sprout, best rank=16
Generation 17: best word=sprout, best rank=16
Generation 18: best word=sprout, best rank=16
Generation 19: best word=sprout, best rank=16
Generation 20: best word=sprout, best rank=16
Generation 21: best word=carrot, best rank=5
Generation 22: best word=carrot, best rank=5
Generation 23: best word=radish, best rank=4
Generation 24: best word=turnip, best rank=1
Generation 0: best word=green, best rank=62
Generation 1: best word=green, best rank=62
Generation 2: best word=green, best rank=62
Generation 3: best word=green, best rank=62
Generation 4: best word=dice, best rank=44
Generation 5: best word=mash, best rank=30
Generation 6: best word=mash, best rank=30
Generation 7: best word=sprout, best rank=16
Generation 8: best word=sprout, best rank=16
Generation 9: best word=carrot, best rank=5
Generation 10: best word=turnip, best rank=1
Wrote JSON summary: traces/rq1_A1/A1_ea_llm_self_adaptive_game1365.json
Wrote CSV summary: traces/rq1_A1/A1_ea_llm_self_adaptive_game1365.csv
{
  "total_runs": 5,
  "solved_runs": 4,
  "solve_rate": 0.8,
  "average_guesses_solved": 538.75,
  "average_best_rank": 1.0,
  "average_generations": 16.75
}
===== FINISHED =====
Game: 1365
Exit status: 0
Date: Sat Jul 25 02:40:35 EDT 2026
